/opt/st/stm32cubeide_1.12.1/plugins/com.st.stm32cube.ide.mcu.externaltools.gnu-tools-for-stm32.10.3-2021.10.linux64_1.0.200.202301161003/tools/arm-none-eabi/include/c++/10.3.1/bits/std_function.h:242:5:std::_Function_base::~_Function_base()	16	static
/opt/st/stm32cubeide_1.12.1/plugins/com.st.stm32cube.ide.mcu.externaltools.gnu-tools-for-stm32.10.3-2021.10.linux64_1.0.200.202301161003/tools/arm-none-eabi/include/c++/10.3.1/bits/std_function.h:248:10:bool std::_Function_base::_M_empty() const	16	static
/opt/st/stm32cubeide_1.12.1/plugins/com.st.stm32cube.ide.mcu.externaltools.gnu-tools-for-stm32.10.3-2021.10.linux64_1.0.200.202301161003/tools/arm-none-eabi/include/c++/10.3.1/bits/hashtable_policy.h:218:5:std::__detail::_Hash_node_base::_Hash_node_base()	16	static
/opt/st/stm32cubeide_1.12.1/plugins/com.st.stm32cube.ide.mcu.externaltools.gnu-tools-for-stm32.10.3-2021.10.linux64_1.0.200.202301161003/tools/arm-none-eabi/include/c++/10.3.1/bits/hashtable_policy.h:431:5:std::__detail::_Mod_range_hashing::result_type std::__detail::_Mod_range_hashing::operator()(std::__detail::_Mod_range_hashing::first_argument_type, std::__detail::_Mod_range_hashing::second_argument_type) const	24	static
/opt/st/stm32cubeide_1.12.1/plugins/com.st.stm32cube.ide.mcu.externaltools.gnu-tools-for-stm32.10.3-2021.10.linux64_1.0.200.202301161003/tools/arm-none-eabi/include/c++/10.3.1/bits/hashtable_policy.h:449:5:std::__detail::_Prime_rehash_policy::_Prime_rehash_policy(float)	16	static
/opt/st/stm32cubeide_1.12.1/plugins/com.st.stm32cube.ide.mcu.externaltools.gnu-tools-for-stm32.10.3-2021.10.linux64_1.0.200.202301161003/tools/arm-none-eabi/include/c++/10.3.1/bits/hashtable_policy.h:1112:7:std::__detail::_Hashtable_ebo_helper<_Nm, _Tp, true>::_Hashtable_ebo_helper() [with int _Nm = 0; _Tp = std::allocator<std::__detail::_Hash_node<std::pair<TIM_HandleTypeDef* const, std::function<void()> >, false> >]	16	static
/opt/st/stm32cubeide_1.12.1/plugins/com.st.stm32cube.ide.mcu.externaltools.gnu-tools-for-stm32.10.3-2021.10.linux64_1.0.200.202301161003/tools/arm-none-eabi/include/c++/10.3.1/bits/hashtable_policy.h:1109:12:std::__detail::_Hashtable_ebo_helper<0, std::allocator<std::__detail::_Hash_node<std::pair<TIM_HandleTypeDef* const, std::function<void()> >, false> >, true>::~_Hashtable_ebo_helper()	16	static
/opt/st/stm32cubeide_1.12.1/plugins/com.st.stm32cube.ide.mcu.externaltools.gnu-tools-for-stm32.10.3-2021.10.linux64_1.0.200.202301161003/tools/arm-none-eabi/include/c++/10.3.1/bits/hashtable_policy.h:1982:7:std::__detail::_Hashtable_alloc<_NodeAlloc>::_Hashtable_alloc() [with _NodeAlloc = std::allocator<std::__detail::_Hash_node<std::pair<TIM_HandleTypeDef* const, std::function<void()> >, false> >]	16	static
/opt/st/stm32cubeide_1.12.1/plugins/com.st.stm32cube.ide.mcu.externaltools.gnu-tools-for-stm32.10.3-2021.10.linux64_1.0.200.202301161003/tools/arm-none-eabi/include/c++/10.3.1/bits/hashtable_policy.h:1963:12:std::__detail::_Hashtable_alloc<std::allocator<std::__detail::_Hash_node<std::pair<TIM_HandleTypeDef* const, std::function<void()> >, false> > >::~_Hashtable_alloc()	16	static
/opt/st/stm32cubeide_1.12.1/plugins/com.st.stm32cube.ide.mcu.externaltools.gnu-tools-for-stm32.10.3-2021.10.linux64_1.0.200.202301161003/tools/arm-none-eabi/include/c++/10.3.1/bits/hashtable.h:475:7:std::_Hashtable<_Key, _Value, _Alloc, _ExtractKey, _Equal, _H1, _H2, _Hash, _RehashPolicy, _Traits>::_Hashtable() [with _Key = TIM_HandleTypeDef*; _Value = std::pair<TIM_HandleTypeDef* const, std::function<void()> >; _Alloc = std::allocator<std::pair<TIM_HandleTypeDef* const, std::function<void()> > >; _ExtractKey = std::__detail::_Select1st; _Equal = std::equal_to<TIM_HandleTypeDef*>; _H1 = std::hash<TIM_HandleTypeDef*>; _H2 = std::__detail::_Mod_range_hashing; _Hash = std::__detail::_Default_ranged_hash; _RehashPolicy = std::__detail::_Prime_rehash_policy; _Traits = std::__detail::_Hashtable_traits<false, false, true>]	16	static
/opt/st/stm32cubeide_1.12.1/plugins/com.st.stm32cube.ide.mcu.externaltools.gnu-tools-for-stm32.10.3-2021.10.linux64_1.0.200.202301161003/tools/arm-none-eabi/include/c++/10.3.1/bits/unordered_map.h:141:7:std::unordered_map<_Key, _Tp, _Hash, _Pred, _Alloc>::unordered_map() [with _Key = TIM_HandleTypeDef*; _Tp = std::function<void()>; _Hash = std::hash<TIM_HandleTypeDef*>; _Pred = std::equal_to<TIM_HandleTypeDef*>; _Alloc = std::allocator<std::pair<TIM_HandleTypeDef* const, std::function<void()> > >]	16	static
../Core/Src/tutrc_harurobo_lib/timer.cpp:8:6:void HAL_TIM_PeriodElapsedCallback(TIM_HandleTypeDef*)	24	static
/opt/st/stm32cubeide_1.12.1/plugins/com.st.stm32cube.ide.mcu.externaltools.gnu-tools-for-stm32.10.3-2021.10.linux64_1.0.200.202301161003/tools/arm-none-eabi/include/c++/10.3.1/bits/std_function.h:303:11:std::function<void()>::~function()	16	static
/opt/st/stm32cubeide_1.12.1/plugins/com.st.stm32cube.ide.mcu.externaltools.gnu-tools-for-stm32.10.3-2021.10.linux64_1.0.200.202301161003/tools/arm-none-eabi/include/c++/10.3.1/bits/allocator.h:164:7:std::allocator< <template-parameter-1-1> >::allocator() [with _Tp = std::__detail::_Hash_node<std::pair<TIM_HandleTypeDef* const, std::function<void()> >, false>]	16	static
/opt/st/stm32cubeide_1.12.1/plugins/com.st.stm32cube.ide.mcu.externaltools.gnu-tools-for-stm32.10.3-2021.10.linux64_1.0.200.202301161003/tools/arm-none-eabi/include/c++/10.3.1/bits/allocator.h:182:7:std::allocator< <template-parameter-1-1> >::~allocator() [with _Tp = std::__detail::_Hash_node<std::pair<TIM_HandleTypeDef* const, std::function<void()> >, false>]	16	static
/opt/st/stm32cubeide_1.12.1/plugins/com.st.stm32cube.ide.mcu.externaltools.gnu-tools-for-stm32.10.3-2021.10.linux64_1.0.200.202301161003/tools/arm-none-eabi/include/c++/10.3.1/bits/hashtable.h:1418:5:std::_Hashtable<_Key, _Value, _Alloc, _ExtractKey, _Equal, _H1, _H2, _Hash, _RehashPolicy, _Traits>::~_Hashtable() [with _Key = TIM_HandleTypeDef*; _Value = std::pair<TIM_HandleTypeDef* const, std::function<void()> >; _Alloc = std::allocator<std::pair<TIM_HandleTypeDef* const, std::function<void()> > >; _ExtractKey = std::__detail::_Select1st; _Equal = std::equal_to<TIM_HandleTypeDef*>; _H1 = std::hash<TIM_HandleTypeDef*>; _H2 = std::__detail::_Mod_range_hashing; _Hash = std::__detail::_Default_ranged_hash; _RehashPolicy = std::__detail::_Prime_rehash_policy; _Traits = std::__detail::_Hashtable_traits<false, false, true>]	16	static
/opt/st/stm32cubeide_1.12.1/plugins/com.st.stm32cube.ide.mcu.externaltools.gnu-tools-for-stm32.10.3-2021.10.linux64_1.0.200.202301161003/tools/arm-none-eabi/include/c++/10.3.1/bits/unordered_map.h:920:7:std::unordered_map<_Key, _Tp, _Hash, _Pred, _Alloc>::iterator std::unordered_map<_Key, _Tp, _Hash, _Pred, _Alloc>::find(const key_type&) [with _Key = TIM_HandleTypeDef*; _Tp = std::function<void()>; _Hash = std::hash<TIM_HandleTypeDef*>; _Pred = std::equal_to<TIM_HandleTypeDef*>; _Alloc = std::allocator<std::pair<TIM_HandleTypeDef* const, std::function<void()> > >]	16	static
/opt/st/stm32cubeide_1.12.1/plugins/com.st.stm32cube.ide.mcu.externaltools.gnu-tools-for-stm32.10.3-2021.10.linux64_1.0.200.202301161003/tools/arm-none-eabi/include/c++/10.3.1/bits/unordered_map.h:347:7:std::unordered_map<_Key, _Tp, _Hash, _Pred, _Alloc>::iterator std::unordered_map<_Key, _Tp, _Hash, _Pred, _Alloc>::end() [with _Key = TIM_HandleTypeDef*; _Tp = std::function<void()>; _Hash = std::hash<TIM_HandleTypeDef*>; _Pred = std::equal_to<TIM_HandleTypeDef*>; _Alloc = std::allocator<std::pair<TIM_HandleTypeDef* const, std::function<void()> > >]	16	static
/opt/st/stm32cubeide_1.12.1/plugins/com.st.stm32cube.ide.mcu.externaltools.gnu-tools-for-stm32.10.3-2021.10.linux64_1.0.200.202301161003/tools/arm-none-eabi/include/c++/10.3.1/bits/hashtable_policy.h:311:5:bool std::__detail::operator!=(const std::__detail::_Node_iterator_base<_Value, _Cache_hash_code>&, const std::__detail::_Node_iterator_base<_Value, _Cache_hash_code>&) [with _Value = std::pair<TIM_HandleTypeDef* const, std::function<void()> >; bool _Cache_hash_code = false]	16	static
/opt/st/stm32cubeide_1.12.1/plugins/com.st.stm32cube.ide.mcu.externaltools.gnu-tools-for-stm32.10.3-2021.10.linux64_1.0.200.202301161003/tools/arm-none-eabi/include/c++/10.3.1/bits/hashtable_policy.h:348:7:std::__detail::_Node_iterator<_Value, __constant_iterators, __cache>::pointer std::__detail::_Node_iterator<_Value, __constant_iterators, __cache>::operator->() const [with _Value = std::pair<TIM_HandleTypeDef* const, std::function<void()> >; bool __constant_iterators = false; bool __cache = false]	16	static
/opt/st/stm32cubeide_1.12.1/plugins/com.st.stm32cube.ide.mcu.externaltools.gnu-tools-for-stm32.10.3-2021.10.linux64_1.0.200.202301161003/tools/arm-none-eabi/include/c++/10.3.1/bits/std_function.h:617:5:) const [with _Res = void; _ArgTypes = {}]	16	static
/opt/st/stm32cubeide_1.12.1/plugins/com.st.stm32cube.ide.mcu.externaltools.gnu-tools-for-stm32.10.3-2021.10.linux64_1.0.200.202301161003/tools/arm-none-eabi/include/c++/10.3.1/ext/new_allocator.h:79:7:__gnu_cxx::new_allocator<_Tp>::new_allocator() [with _Tp = std::__detail::_Hash_node<std::pair<TIM_HandleTypeDef* const, std::function<void()> >, false>]	16	static
/opt/st/stm32cubeide_1.12.1/plugins/com.st.stm32cube.ide.mcu.externaltools.gnu-tools-for-stm32.10.3-2021.10.linux64_1.0.200.202301161003/tools/arm-none-eabi/include/c++/10.3.1/ext/new_allocator.h:89:7:__gnu_cxx::new_allocator<_Tp>::~new_allocator() [with _Tp = std::__detail::_Hash_node<std::pair<TIM_HandleTypeDef* const, std::function<void()> >, false>]	16	static
/opt/st/stm32cubeide_1.12.1/plugins/com.st.stm32cube.ide.mcu.externaltools.gnu-tools-for-stm32.10.3-2021.10.linux64_1.0.200.202301161003/tools/arm-none-eabi/include/c++/10.3.1/bits/hashtable.h:2061:5:void std::_Hashtable<_Key, _Value, _Alloc, _ExtractKey, _Equal, _H1, _H2, _Hash, _RehashPolicy, _Traits>::clear() [with _Key = TIM_HandleTypeDef*; _Value = std::pair<TIM_HandleTypeDef* const, std::function<void()> >; _Alloc = std::allocator<std::pair<TIM_HandleTypeDef* const, std::function<void()> > >; _ExtractKey = std::__detail::_Select1st; _Equal = std::equal_to<TIM_HandleTypeDef*>; _H1 = std::hash<TIM_HandleTypeDef*>; _H2 = std::__detail::_Mod_range_hashing; _Hash = std::__detail::_Default_ranged_hash; _RehashPolicy = std::__detail::_Prime_rehash_policy; _Traits = std::__detail::_Hashtable_traits<false, false, true>]	16	static
/opt/st/stm32cubeide_1.12.1/plugins/com.st.stm32cube.ide.mcu.externaltools.gnu-tools-for-stm32.10.3-2021.10.linux64_1.0.200.202301161003/tools/arm-none-eabi/include/c++/10.3.1/bits/hashtable.h:411:7:void std::_Hashtable<_Key, _Value, _Alloc, _ExtractKey, _Equal, _H1, _H2, _Hash, _RehashPolicy, _Traits>::_M_deallocate_buckets() [with _Key = TIM_HandleTypeDef*; _Value = std::pair<TIM_HandleTypeDef* const, std::function<void()> >; _Alloc = std::allocator<std::pair<TIM_HandleTypeDef* const, std::function<void()> > >; _ExtractKey = std::__detail::_Select1st; _Equal = std::equal_to<TIM_HandleTypeDef*>; _H1 = std::hash<TIM_HandleTypeDef*>; _H2 = std::__detail::_Mod_range_hashing; _Hash = std::__detail::_Default_ranged_hash; _RehashPolicy = std::__detail::_Prime_rehash_policy; _Traits = std::__detail::_Hashtable_traits<false, false, true>]	16	static
/opt/st/stm32cubeide_1.12.1/plugins/com.st.stm32cube.ide.mcu.externaltools.gnu-tools-for-stm32.10.3-2021.10.linux64_1.0.200.202301161003/tools/arm-none-eabi/include/c++/10.3.1/bits/hashtable.h:1482:5:std::_Hashtable<_Key, _Value, _Alloc, _ExtractKey, _Equal, _H1, _H2, _Hash, _RehashPolicy, _Traits>::iterator std::_Hashtable<_Key, _Value, _Alloc, _ExtractKey, _Equal, _H1, _H2, _Hash, _RehashPolicy, _Traits>::find(const key_type&) [with _Key = TIM_HandleTypeDef*; _Value = std::pair<TIM_HandleTypeDef* const, std::function<void()> >; _Alloc = std::allocator<std::pair<TIM_HandleTypeDef* const, std::function<void()> > >; _ExtractKey = std::__detail::_Select1st; _Equal = std::equal_to<TIM_HandleTypeDef*>; _H1 = std::hash<TIM_HandleTypeDef*>; _H2 = std::__detail::_Mod_range_hashing; _Hash = std::__detail::_Default_ranged_hash; _RehashPolicy = std::__detail::_Prime_rehash_policy; _Traits = std::__detail::_Hashtable_traits<false, false, true>]	32	static
/opt/st/stm32cubeide_1.12.1/plugins/com.st.stm32cube.ide.mcu.externaltools.gnu-tools-for-stm32.10.3-2021.10.linux64_1.0.200.202301161003/tools/arm-none-eabi/include/c++/10.3.1/bits/hashtable.h:582:7:std::_Hashtable<_Key, _Value, _Alloc, _ExtractKey, _Equal, _H1, _H2, _Hash, _RehashPolicy, _Traits>::iterator std::_Hashtable<_Key, _Value, _Alloc, _ExtractKey, _Equal, _H1, _H2, _Hash, _RehashPolicy, _Traits>::end() [with _Key = TIM_HandleTypeDef*; _Value = std::pair<TIM_HandleTypeDef* const, std::function<void()> >; _Alloc = std::allocator<std::pair<TIM_HandleTypeDef* const, std::function<void()> > >; _ExtractKey = std::__detail::_Select1st; _Equal = std::equal_to<TIM_HandleTypeDef*>; _H1 = std::hash<TIM_HandleTypeDef*>; _H2 = std::__detail::_Mod_range_hashing; _Hash = std::__detail::_Default_ranged_hash; _RehashPolicy = std::__detail::_Prime_rehash_policy; _Traits = std::__detail::_Hashtable_traits<false, false, true>]	24	static
/opt/st/stm32cubeide_1.12.1/plugins/com.st.stm32cube.ide.mcu.externaltools.gnu-tools-for-stm32.10.3-2021.10.linux64_1.0.200.202301161003/tools/arm-none-eabi/include/c++/10.3.1/bits/hashtable_policy.h:236:7:_Value* std::__detail::_Hash_node_value_base<_Value>::_M_valptr() [with _Value = std::pair<TIM_HandleTypeDef* const, std::function<void()> >]	16	static
/opt/st/stm32cubeide_1.12.1/plugins/com.st.stm32cube.ide.mcu.externaltools.gnu-tools-for-stm32.10.3-2021.10.linux64_1.0.200.202301161003/tools/arm-none-eabi/include/c++/10.3.1/bits/hashtable_policy.h:1290:7:std::__detail::_Hash_code_base<_Key, _Value, _ExtractKey, _H1, _H2, std::__detail::_Default_ranged_hash, false>::__hash_code std::__detail::_Hash_code_base<_Key, _Value, _ExtractKey, _H1, _H2, std::__detail::_Default_ranged_hash, false>::_M_hash_code(const _Key&) const [with _Key = TIM_HandleTypeDef*; _Value = std::pair<TIM_HandleTypeDef* const, std::function<void()> >; _ExtractKey = std::__detail::_Select1st; _H1 = std::hash<TIM_HandleTypeDef*>; _H2 = std::__detail::_Mod_range_hashing]	16	static
/opt/st/stm32cubeide_1.12.1/plugins/com.st.stm32cube.ide.mcu.externaltools.gnu-tools-for-stm32.10.3-2021.10.linux64_1.0.200.202301161003/tools/arm-none-eabi/include/c++/10.3.1/bits/hashtable.h:713:7:std::_Hashtable<_Key, _Value, _Alloc, _ExtractKey, _Equal, _H1, _H2, _Hash, _RehashPolicy, _Traits>::size_type std::_Hashtable<_Key, _Value, _Alloc, _ExtractKey, _Equal, _H1, _H2, _Hash, _RehashPolicy, _Traits>::_M_bucket_index(const key_type&, std::_Hashtable<_Key, _Value, _Alloc, _ExtractKey, _Equal, _H1, _H2, _Hash, _RehashPolicy, _Traits>::__hash_code) const [with _Key = TIM_HandleTypeDef*; _Value = std::pair<TIM_HandleTypeDef* const, std::function<void()> >; _Alloc = std::allocator<std::pair<TIM_HandleTypeDef* const, std::function<void()> > >; _ExtractKey = std::__detail::_Select1st; _Equal = std::equal_to<TIM_HandleTypeDef*>; _H1 = std::hash<TIM_HandleTypeDef*>; _H2 = std::__detail::_Mod_range_hashing; _Hash = std::__detail::_Default_ranged_hash; _RehashPolicy = std::__detail::_Prime_rehash_policy; _Traits = std::__detail::_Hashtable_traits<false, false, true>]	24	static
/opt/st/stm32cubeide_1.12.1/plugins/com.st.stm32cube.ide.mcu.externaltools.gnu-tools-for-stm32.10.3-2021.10.linux64_1.0.200.202301161003/tools/arm-none-eabi/include/c++/10.3.1/bits/hashtable.h:722:7:std::_Hashtable<_Key, _Value, _Alloc, _ExtractKey, _Equal, _H1, _H2, _Hash, _RehashPolicy, _Traits>::__node_type* std::_Hashtable<_Key, _Value, _Alloc, _ExtractKey, _Equal, _H1, _H2, _Hash, _RehashPolicy, _Traits>::_M_find_node(std::_Hashtable<_Key, _Value, _Alloc, _ExtractKey, _Equal, _H1, _H2, _Hash, _RehashPolicy, _Traits>::size_type, const key_type&, std::_Hashtable<_Key, _Value, _Alloc, _ExtractKey, _Equal, _H1, _H2, _Hash, _RehashPolicy, _Traits>::__hash_code) const [with _Key = TIM_HandleTypeDef*; _Value = std::pair<TIM_HandleTypeDef* const, std::function<void()> >; _Alloc = std::allocator<std::pair<TIM_HandleTypeDef* const, std::function<void()> > >; _ExtractKey = std::__detail::_Select1st; _Equal = std::equal_to<TIM_HandleTypeDef*>; _H1 = std::hash<TIM_HandleTypeDef*>; _H2 = std::__detail::_Mod_range_hashing; _Hash = std::__detail::_Default_ranged_hash; _RehashPolicy = std::__detail::_Prime_rehash_policy; _Traits = std::__detail::_Hashtable_traits<false, false, true>]	32	static
/opt/st/stm32cubeide_1.12.1/plugins/com.st.stm32cube.ide.mcu.externaltools.gnu-tools-for-stm32.10.3-2021.10.linux64_1.0.200.202301161003/tools/arm-none-eabi/include/c++/10.3.1/bits/hashtable_policy.h:244:7:_Value& std::__detail::_Hash_node_value_base<_Value>::_M_v() [with _Value = std::pair<TIM_HandleTypeDef* const, std::function<void()> >]	16	static
/opt/st/stm32cubeide_1.12.1/plugins/com.st.stm32cube.ide.mcu.externaltools.gnu-tools-for-stm32.10.3-2021.10.linux64_1.0.200.202301161003/tools/arm-none-eabi/include/c++/10.3.1/bits/hashtable.h:420:7:std::_Hashtable<_Key, _Value, _Alloc, _ExtractKey, _Equal, _H1, _H2, _Hash, _RehashPolicy, _Traits>::__node_type* std::_Hashtable<_Key, _Value, _Alloc, _ExtractKey, _Equal, _H1, _H2, _Hash, _RehashPolicy, _Traits>::_M_begin() const [with _Key = TIM_HandleTypeDef*; _Value = std::pair<TIM_HandleTypeDef* const, std::function<void()> >; _Alloc = std::allocator<std::pair<TIM_HandleTypeDef* const, std::function<void()> > >; _ExtractKey = std::__detail::_Select1st; _Equal = std::equal_to<TIM_HandleTypeDef*>; _H1 = std::hash<TIM_HandleTypeDef*>; _H2 = std::__detail::_Mod_range_hashing; _Hash = std::__detail::_Default_ranged_hash; _RehashPolicy = std::__detail::_Prime_rehash_policy; _Traits = std::__detail::_Hashtable_traits<false, false, true>]	16	static
/opt/st/stm32cubeide_1.12.1/plugins/com.st.stm32cube.ide.mcu.externaltools.gnu-tools-for-stm32.10.3-2021.10.linux64_1.0.200.202301161003/tools/arm-none-eabi/include/c++/10.3.1/bits/hashtable_policy.h:2069:5:void std::__detail::_Hashtable_alloc<_NodeAlloc>::_M_deallocate_nodes(std::__detail::_Hashtable_alloc<_NodeAlloc>::__node_type*) [with _NodeAlloc = std::allocator<std::__detail::_Hash_node<std::pair<TIM_HandleTypeDef* const, std::function<void()> >, false> >]	24	static
/opt/st/stm32cubeide_1.12.1/plugins/com.st.stm32cube.ide.mcu.externaltools.gnu-tools-for-stm32.10.3-2021.10.linux64_1.0.200.202301161003/tools/arm-none-eabi/include/c++/10.3.1/bits/hashtable.h:402:7:void std::_Hashtable<_Key, _Value, _Alloc, _ExtractKey, _Equal, _H1, _H2, _Hash, _RehashPolicy, _Traits>::_M_deallocate_buckets(std::_Hashtable<_Key, _Value, _Alloc, _ExtractKey, _Equal, _H1, _H2, _Hash, _RehashPolicy, _Traits>::__bucket_type*, std::_Hashtable<_Key, _Value, _Alloc, _ExtractKey, _Equal, _H1, _H2, _Hash, _RehashPolicy, _Traits>::size_type) [with _Key = TIM_HandleTypeDef*; _Value = std::pair<TIM_HandleTypeDef* const, std::function<void()> >; _Alloc = std::allocator<std::pair<TIM_HandleTypeDef* const, std::function<void()> > >; _ExtractKey = std::__detail::_Select1st; _Equal = std::equal_to<TIM_HandleTypeDef*>; _H1 = std::hash<TIM_HandleTypeDef*>; _H2 = std::__detail::_Mod_range_hashing; _Hash = std::__detail::_Default_ranged_hash; _RehashPolicy = std::__detail::_Prime_rehash_policy; _Traits = std::__detail::_Hashtable_traits<false, false, true>]	24	static
/opt/st/stm32cubeide_1.12.1/plugins/com.st.stm32cube.ide.mcu.externaltools.gnu-tools-for-stm32.10.3-2021.10.linux64_1.0.200.202301161003/tools/arm-none-eabi/include/c++/10.3.1/bits/hashtable_policy.h:340:7:std::__detail::_Node_iterator<_Value, __constant_iterators, __cache>::_Node_iterator(std::__detail::_Node_iterator<_Value, __constant_iterators, __cache>::__node_type*) [with _Value = std::pair<TIM_HandleTypeDef* const, std::function<void()> >; bool __constant_iterators = false; bool __cache = false]	16	static
/opt/st/stm32cubeide_1.12.1/plugins/com.st.stm32cube.ide.mcu.externaltools.gnu-tools-for-stm32.10.3-2021.10.linux64_1.0.200.202301161003/tools/arm-none-eabi/include/c++/10.3.1/ext/aligned_buffer.h:114:7:_Tp* __gnu_cxx::__aligned_buffer<_Tp>::_M_ptr() [with _Tp = std::pair<TIM_HandleTypeDef* const, std::function<void()> >]	16	static
/opt/st/stm32cubeide_1.12.1/plugins/com.st.stm32cube.ide.mcu.externaltools.gnu-tools-for-stm32.10.3-2021.10.linux64_1.0.200.202301161003/tools/arm-none-eabi/include/c++/10.3.1/bits/hashtable_policy.h:1330:7:const _H1& std::__detail::_Hash_code_base<_Key, _Value, _ExtractKey, _H1, _H2, std::__detail::_Default_ranged_hash, false>::_M_h1() const [with _Key = TIM_HandleTypeDef*; _Value = std::pair<TIM_HandleTypeDef* const, std::function<void()> >; _ExtractKey = std::__detail::_Select1st; _H1 = std::hash<TIM_HandleTypeDef*>; _H2 = std::__detail::_Mod_range_hashing]	16	static
/opt/st/stm32cubeide_1.12.1/plugins/com.st.stm32cube.ide.mcu.externaltools.gnu-tools-for-stm32.10.3-2021.10.linux64_1.0.200.202301161003/tools/arm-none-eabi/include/c++/10.3.1/bits/functional_hash.h:109:7:std::size_t std::hash<_Tp*>::operator()(_Tp*) const [with _Tp = TIM_HandleTypeDef]	16	static
/opt/st/stm32cubeide_1.12.1/plugins/com.st.stm32cube.ide.mcu.externaltools.gnu-tools-for-stm32.10.3-2021.10.linux64_1.0.200.202301161003/tools/arm-none-eabi/include/c++/10.3.1/bits/hashtable_policy.h:1298:7:std::size_t std::__detail::_Hash_code_base<_Key, _Value, _ExtractKey, _H1, _H2, std::__detail::_Default_ranged_hash, false>::_M_bucket_index(const _Key&, std::__detail::_Hash_code_base<_Key, _Value, _ExtractKey, _H1, _H2, std::__detail::_Default_ranged_hash, false>::__hash_code, std::size_t) const [with _Key = TIM_HandleTypeDef*; _Value = std::pair<TIM_HandleTypeDef* const, std::function<void()> >; _ExtractKey = std::__detail::_Select1st; _H1 = std::hash<TIM_HandleTypeDef*>; _H2 = std::__detail::_Mod_range_hashing]	24	static
/opt/st/stm32cubeide_1.12.1/plugins/com.st.stm32cube.ide.mcu.externaltools.gnu-tools-for-stm32.10.3-2021.10.linux64_1.0.200.202301161003/tools/arm-none-eabi/include/c++/10.3.1/bits/hashtable.h:1602:5:std::_Hashtable<_Key, _Value, _Alloc, _ExtractKey, _Equal, _H1, _H2, _Hash, _RehashPolicy, _Traits>::__node_base* std::_Hashtable<_Key, _Value, _Alloc, _ExtractKey, _Equal, _H1, _H2, _Hash, _RehashPolicy, _Traits>::_M_find_before_node(std::_Hashtable<_Key, _Value, _Alloc, _ExtractKey, _Equal, _H1, _H2, _Hash, _RehashPolicy, _Traits>::size_type, const key_type&, std::_Hashtable<_Key, _Value, _Alloc, _ExtractKey, _Equal, _H1, _H2, _Hash, _RehashPolicy, _Traits>::__hash_code) const [with _Key = TIM_HandleTypeDef*; _Value = std::pair<TIM_HandleTypeDef* const, std::function<void()> >; _Alloc = std::allocator<std::pair<TIM_HandleTypeDef* const, std::function<void()> > >; _ExtractKey = std::__detail::_Select1st; _Equal = std::equal_to<TIM_HandleTypeDef*>; _H1 = std::hash<TIM_HandleTypeDef*>; _H2 = std::__detail::_Mod_range_hashing; _Hash = std::__detail::_Default_ranged_hash; _RehashPolicy = std::__detail::_Prime_rehash_policy; _Traits = std::__detail::_Hashtable_traits<false, false, true>]	32	static
/opt/st/stm32cubeide_1.12.1/plugins/com.st.stm32cube.ide.mcu.externaltools.gnu-tools-for-stm32.10.3-2021.10.linux64_1.0.200.202301161003/tools/arm-none-eabi/include/c++/10.3.1/bits/hashtable_policy.h:2051:5:void std::__detail::_Hashtable_alloc<_NodeAlloc>::_M_deallocate_node(std::__detail::_Hashtable_alloc<_NodeAlloc>::__node_type*) [with _NodeAlloc = std::allocator<std::__detail::_Hash_node<std::pair<TIM_HandleTypeDef* const, std::function<void()> >, false> >]	24	static
/opt/st/stm32cubeide_1.12.1/plugins/com.st.stm32cube.ide.mcu.externaltools.gnu-tools-for-stm32.10.3-2021.10.linux64_1.0.200.202301161003/tools/arm-none-eabi/include/c++/10.3.1/bits/hashtable_policy.h:282:7:std::__detail::_Hash_node<_Value, false>* std::__detail::_Hash_node<_Value, false>::_M_next() const [with _Value = std::pair<TIM_HandleTypeDef* const, std::function<void()> >]	16	static
/opt/st/stm32cubeide_1.12.1/plugins/com.st.stm32cube.ide.mcu.externaltools.gnu-tools-for-stm32.10.3-2021.10.linux64_1.0.200.202301161003/tools/arm-none-eabi/include/c++/10.3.1/bits/hashtable.h:379:7:bool std::_Hashtable<_Key, _Value, _Alloc, _ExtractKey, _Equal, _H1, _H2, _Hash, _RehashPolicy, _Traits>::_M_uses_single_bucket(std::_Hashtable<_Key, _Value, _Alloc, _ExtractKey, _Equal, _H1, _H2, _Hash, _RehashPolicy, _Traits>::__bucket_type*) const [with _Key = TIM_HandleTypeDef*; _Value = std::pair<TIM_HandleTypeDef* const, std::function<void()> >; _Alloc = std::allocator<std::pair<TIM_HandleTypeDef* const, std::function<void()> > >; _ExtractKey = std::__detail::_Select1st; _Equal = std::equal_to<TIM_HandleTypeDef*>; _H1 = std::hash<TIM_HandleTypeDef*>; _H2 = std::__detail::_Mod_range_hashing; _Hash = std::__detail::_Default_ranged_hash; _RehashPolicy = std::__detail::_Prime_rehash_policy; _Traits = std::__detail::_Hashtable_traits<false, false, true>]	16	static
/opt/st/stm32cubeide_1.12.1/plugins/com.st.stm32cube.ide.mcu.externaltools.gnu-tools-for-stm32.10.3-2021.10.linux64_1.0.200.202301161003/tools/arm-none-eabi/include/c++/10.3.1/bits/hashtable_policy.h:2093:5:void std::__detail::_Hashtable_alloc<_NodeAlloc>::_M_deallocate_buckets(std::__detail::_Hashtable_alloc<_NodeAlloc>::__node_base**, std::size_t) [with _NodeAlloc = std::allocator<std::__detail::_Hash_node<std::pair<TIM_HandleTypeDef* const, std::function<void()> >, false> >]	32	static
/opt/st/stm32cubeide_1.12.1/plugins/com.st.stm32cube.ide.mcu.externaltools.gnu-tools-for-stm32.10.3-2021.10.linux64_1.0.200.202301161003/tools/arm-none-eabi/include/c++/10.3.1/bits/hashtable_policy.h:294:7:std::__detail::_Node_iterator_base<_Value, _Cache_hash_code>::_Node_iterator_base(std::__detail::_Node_iterator_base<_Value, _Cache_hash_code>::__node_type*) [with _Value = std::pair<TIM_HandleTypeDef* const, std::function<void()> >; bool _Cache_hash_code = false]	16	static
/opt/st/stm32cubeide_1.12.1/plugins/com.st.stm32cube.ide.mcu.externaltools.gnu-tools-for-stm32.10.3-2021.10.linux64_1.0.200.202301161003/tools/arm-none-eabi/include/c++/10.3.1/ext/aligned_buffer.h:102:7:void* __gnu_cxx::__aligned_buffer<_Tp>::_M_addr() [with _Tp = std::pair<TIM_HandleTypeDef* const, std::function<void()> >]	16	static
/opt/st/stm32cubeide_1.12.1/plugins/com.st.stm32cube.ide.mcu.externaltools.gnu-tools-for-stm32.10.3-2021.10.linux64_1.0.200.202301161003/tools/arm-none-eabi/include/c++/10.3.1/bits/hashtable_policy.h:1119:18:const _Tp& std::__detail::_Hashtable_ebo_helper<_Nm, _Tp, true>::_M_cget() const [with int _Nm = 1; _Tp = std::hash<TIM_HandleTypeDef*>]	16	static
/opt/st/stm32cubeide_1.12.1/plugins/com.st.stm32cube.ide.mcu.externaltools.gnu-tools-for-stm32.10.3-2021.10.linux64_1.0.200.202301161003/tools/arm-none-eabi/include/c++/10.3.1/bits/hashtable_policy.h:1333:7:const _H2& std::__detail::_Hash_code_base<_Key, _Value, _ExtractKey, _H1, _H2, std::__detail::_Default_ranged_hash, false>::_M_h2() const [with _Key = TIM_HandleTypeDef*; _Value = std::pair<TIM_HandleTypeDef* const, std::function<void()> >; _ExtractKey = std::__detail::_Select1st; _H1 = std::hash<TIM_HandleTypeDef*>; _H2 = std::__detail::_Mod_range_hashing]	16	static
/opt/st/stm32cubeide_1.12.1/plugins/com.st.stm32cube.ide.mcu.externaltools.gnu-tools-for-stm32.10.3-2021.10.linux64_1.0.200.202301161003/tools/arm-none-eabi/include/c++/10.3.1/bits/hashtable_policy.h:1798:5:bool std::__detail::_Hashtable_base<_Key, _Value, _ExtractKey, _Equal, _H1, _H2, _Hash, _Traits>::_M_equals(const _Key&, std::__detail::_Hashtable_base<_Key, _Value, _ExtractKey, _Equal, _H1, _H2, _Hash, _Traits>::__hash_code, std::__detail::_Hashtable_base<_Key, _Value, _ExtractKey, _Equal, _H1, _H2, _Hash, _Traits>::__node_type*) const [with _Key = TIM_HandleTypeDef*; _Value = std::pair<TIM_HandleTypeDef* const, std::function<void()> >; _ExtractKey = std::__detail::_Select1st; _Equal = std::equal_to<TIM_HandleTypeDef*>; _H1 = std::hash<TIM_HandleTypeDef*>; _H2 = std::__detail::_Mod_range_hashing; _Hash = std::__detail::_Default_ranged_hash; _Traits = std::__detail::_Hashtable_traits<false, false, true>]	32	static
/opt/st/stm32cubeide_1.12.1/plugins/com.st.stm32cube.ide.mcu.externaltools.gnu-tools-for-stm32.10.3-2021.10.linux64_1.0.200.202301161003/tools/arm-none-eabi/include/c++/10.3.1/bits/hashtable.h:709:7:std::_Hashtable<_Key, _Value, _Alloc, _ExtractKey, _Equal, _H1, _H2, _Hash, _RehashPolicy, _Traits>::size_type std::_Hashtable<_Key, _Value, _Alloc, _ExtractKey, _Equal, _H1, _H2, _Hash, _RehashPolicy, _Traits>::_M_bucket_index(std::_Hashtable<_Key, _Value, _Alloc, _ExtractKey, _Equal, _H1, _H2, _Hash, _RehashPolicy, _Traits>::__node_type*) const [with _Key = TIM_HandleTypeDef*; _Value = std::pair<TIM_HandleTypeDef* const, std::function<void()> >; _Alloc = std::allocator<std::pair<TIM_HandleTypeDef* const, std::function<void()> > >; _ExtractKey = std::__detail::_Select1st; _Equal = std::equal_to<TIM_HandleTypeDef*>; _H1 = std::hash<TIM_HandleTypeDef*>; _H2 = std::__detail::_Mod_range_hashing; _Hash = std::__detail::_Default_ranged_hash; _RehashPolicy = std::__detail::_Prime_rehash_policy; _Traits = std::__detail::_Hashtable_traits<false, false, true>]	16	static
/opt/st/stm32cubeide_1.12.1/plugins/com.st.stm32cube.ide.mcu.externaltools.gnu-tools-for-stm32.10.3-2021.10.linux64_1.0.200.202301161003/tools/arm-none-eabi/include/c++/10.3.1/bits/hashtable_policy.h:1992:7:std::__detail::_Hashtable_alloc<_NodeAlloc>::__node_alloc_type& std::__detail::_Hashtable_alloc<_NodeAlloc>::_M_node_allocator() [with _NodeAlloc = std::allocator<std::__detail::_Hash_node<std::pair<TIM_HandleTypeDef* const, std::function<void()> >, false> >]	16	static
/opt/st/stm32cubeide_1.12.1/plugins/com.st.stm32cube.ide.mcu.externaltools.gnu-tools-for-stm32.10.3-2021.10.linux64_1.0.200.202301161003/tools/arm-none-eabi/include/c++/10.3.1/bits/alloc_traits.h:491:7:static void std::allocator_traits<std::allocator<_Tp1> >::deallocate(std::allocator_traits<std::allocator<_Tp1> >::allocator_type&, std::allocator_traits<std::allocator<_Tp1> >::pointer, std::allocator_traits<std::allocator<_Tp1> >::size_type) [with _Tp = std::__detail::_Hash_node<std::pair<TIM_HandleTypeDef* const, std::function<void()> >, false>]	24	static
/opt/st/stm32cubeide_1.12.1/plugins/com.st.stm32cube.ide.mcu.externaltools.gnu-tools-for-stm32.10.3-2021.10.linux64_1.0.200.202301161003/tools/arm-none-eabi/include/c++/10.3.1/bits/alloc_traits.h:527:2:static void std::allocator_traits<std::allocator<_Tp1> >::destroy(std::allocator_traits<std::allocator<_Tp1> >::allocator_type&, _Up*) [with _Up = std::pair<TIM_HandleTypeDef* const, std::function<void()> >; _Tp = std::__detail::_Hash_node<std::pair<TIM_HandleTypeDef* const, std::function<void()> >, false>]	16	static
/opt/st/stm32cubeide_1.12.1/plugins/com.st.stm32cube.ide.mcu.externaltools.gnu-tools-for-stm32.10.3-2021.10.linux64_1.0.200.202301161003/tools/arm-none-eabi/include/c++/10.3.1/bits/hashtable_policy.h:2059:5:void std::__detail::_Hashtable_alloc<_NodeAlloc>::_M_deallocate_node_ptr(std::__detail::_Hashtable_alloc<_NodeAlloc>::__node_type*) [with _NodeAlloc = std::allocator<std::__detail::_Hash_node<std::pair<TIM_HandleTypeDef* const, std::function<void()> >, false> >]	24	static
/opt/st/stm32cubeide_1.12.1/plugins/com.st.stm32cube.ide.mcu.externaltools.gnu-tools-for-stm32.10.3-2021.10.linux64_1.0.200.202301161003/tools/arm-none-eabi/include/c++/10.3.1/bits/ptr_traits.h:146:7:static _Tp* std::pointer_traits<_Tp*>::pointer_to(std::__make_not_void<_Tp>&) [with _Tp = std::__detail::_Hash_node_base*]	16	static
/opt/st/stm32cubeide_1.12.1/plugins/com.st.stm32cube.ide.mcu.externaltools.gnu-tools-for-stm32.10.3-2021.10.linux64_1.0.200.202301161003/tools/arm-none-eabi/include/c++/10.3.1/bits/allocator.h:177:2:std::allocator< <template-parameter-1-1> >::allocator(const std::allocator<_Tp1>&) [with _Tp1 = std::__detail::_Hash_node<std::pair<TIM_HandleTypeDef* const, std::function<void()> >, false>; _Tp = std::__detail::_Hash_node_base*]	16	static
/opt/st/stm32cubeide_1.12.1/plugins/com.st.stm32cube.ide.mcu.externaltools.gnu-tools-for-stm32.10.3-2021.10.linux64_1.0.200.202301161003/tools/arm-none-eabi/include/c++/10.3.1/bits/allocator.h:182:7:std::allocator< <template-parameter-1-1> >::~allocator() [with _Tp = std::__detail::_Hash_node_base*]	16	static
/opt/st/stm32cubeide_1.12.1/plugins/com.st.stm32cube.ide.mcu.externaltools.gnu-tools-for-stm32.10.3-2021.10.linux64_1.0.200.202301161003/tools/arm-none-eabi/include/c++/10.3.1/bits/alloc_traits.h:491:7:static void std::allocator_traits<std::allocator<_Tp1> >::deallocate(std::allocator_traits<std::allocator<_Tp1> >::allocator_type&, std::allocator_traits<std::allocator<_Tp1> >::pointer, std::allocator_traits<std::allocator<_Tp1> >::size_type) [with _Tp = std::__detail::_Hash_node_base*]	24	static
/opt/st/stm32cubeide_1.12.1/plugins/com.st.stm32cube.ide.mcu.externaltools.gnu-tools-for-stm32.10.3-2021.10.linux64_1.0.200.202301161003/tools/arm-none-eabi/include/c++/10.3.1/bits/hashtable_policy.h:1119:18:const _Tp& std::__detail::_Hashtable_ebo_helper<_Nm, _Tp, true>::_M_cget() const [with int _Nm = 2; _Tp = std::__detail::_Mod_range_hashing]	16	static
/opt/st/stm32cubeide_1.12.1/plugins/com.st.stm32cube.ide.mcu.externaltools.gnu-tools-for-stm32.10.3-2021.10.linux64_1.0.200.202301161003/tools/arm-none-eabi/include/c++/10.3.1/bits/hashtable_policy.h:1778:8:static bool std::__detail::_Hashtable_base<_Key, _Value, _ExtractKey, _Equal, _H1, _H2, _Hash, _Traits>::_Equal_hash_code<_NodeT>::_S_equals(std::__detail::_Hashtable_base<_Key, _Value, _ExtractKey, _Equal, _H1, _H2, _Hash, _Traits>::__hash_code, const _NodeT&) [with _NodeT = std::__detail::_Hash_node<std::pair<TIM_HandleTypeDef* const, std::function<void()> >, false>; _Key = TIM_HandleTypeDef*; _Value = std::pair<TIM_HandleTypeDef* const, std::function<void()> >; _ExtractKey = std::__detail::_Select1st; _Equal = std::equal_to<TIM_HandleTypeDef*>; _H1 = std::hash<TIM_HandleTypeDef*>; _H2 = std::__detail::_Mod_range_hashing; _Hash = std::__detail::_Default_ranged_hash; _Traits = std::__detail::_Hashtable_traits<false, false, true>]	16	static
/opt/st/stm32cubeide_1.12.1/plugins/com.st.stm32cube.ide.mcu.externaltools.gnu-tools-for-stm32.10.3-2021.10.linux64_1.0.200.202301161003/tools/arm-none-eabi/include/c++/10.3.1/bits/hashtable_policy.h:1815:5:const _Equal& std::__detail::_Hashtable_base<_Key, _Value, _ExtractKey, _Equal, _H1, _H2, _Hash, _Traits>::_M_eq() const [with _Key = TIM_HandleTypeDef*; _Value = std::pair<TIM_HandleTypeDef* const, std::function<void()> >; _ExtractKey = std::__detail::_Select1st; _Equal = std::equal_to<TIM_HandleTypeDef*>; _H1 = std::hash<TIM_HandleTypeDef*>; _H2 = std::__detail::_Mod_range_hashing; _Hash = std::__detail::_Default_ranged_hash; _Traits = std::__detail::_Hashtable_traits<false, false, true>]	16	static
/opt/st/stm32cubeide_1.12.1/plugins/com.st.stm32cube.ide.mcu.externaltools.gnu-tools-for-stm32.10.3-2021.10.linux64_1.0.200.202301161003/tools/arm-none-eabi/include/c++/10.3.1/bits/hashtable_policy.h:1327:7:const _ExtractKey& std::__detail::_Hash_code_base<_Key, _Value, _ExtractKey, _H1, _H2, std::__detail::_Default_ranged_hash, false>::_M_extract() const [with _Key = TIM_HandleTypeDef*; _Value = std::pair<TIM_HandleTypeDef* const, std::function<void()> >; _ExtractKey = std::__detail::_Select1st; _H1 = std::hash<TIM_HandleTypeDef*>; _H2 = std::__detail::_Mod_range_hashing]	16	static
/opt/st/stm32cubeide_1.12.1/plugins/com.st.stm32cube.ide.mcu.externaltools.gnu-tools-for-stm32.10.3-2021.10.linux64_1.0.200.202301161003/tools/arm-none-eabi/include/c++/10.3.1/bits/hashtable_policy.h:92:7:decltype (get<0>(forward<_Tp>(__x))) std::__detail::_Select1st::operator()(_Tp&&) const [with _Tp = std::pair<TIM_HandleTypeDef* const, std::function<void()> >&]	16	static
/opt/st/stm32cubeide_1.12.1/plugins/com.st.stm32cube.ide.mcu.externaltools.gnu-tools-for-stm32.10.3-2021.10.linux64_1.0.200.202301161003/tools/arm-none-eabi/include/c++/10.3.1/bits/stl_function.h:355:7:constexpr bool std::equal_to<_Tp>::operator()(const _Tp&, const _Tp&) const [with _Tp = TIM_HandleTypeDef*]	24	static
/opt/st/stm32cubeide_1.12.1/plugins/com.st.stm32cube.ide.mcu.externaltools.gnu-tools-for-stm32.10.3-2021.10.linux64_1.0.200.202301161003/tools/arm-none-eabi/include/c++/10.3.1/bits/hashtable_policy.h:1303:7:std::size_t std::__detail::_Hash_code_base<_Key, _Value, _ExtractKey, _H1, _H2, std::__detail::_Default_ranged_hash, false>::_M_bucket_index(const __node_type*, std::size_t) const [with _Key = TIM_HandleTypeDef*; _Value = std::pair<TIM_HandleTypeDef* const, std::function<void()> >; _ExtractKey = std::__detail::_Select1st; _H1 = std::hash<TIM_HandleTypeDef*>; _H2 = std::__detail::_Mod_range_hashing]	40	static
/opt/st/stm32cubeide_1.12.1/plugins/com.st.stm32cube.ide.mcu.externaltools.gnu-tools-for-stm32.10.3-2021.10.linux64_1.0.200.202301161003/tools/arm-none-eabi/include/c++/10.3.1/bits/hashtable_policy.h:1120:12:_Tp& std::__detail::_Hashtable_ebo_helper<_Nm, _Tp, true>::_M_get() [with int _Nm = 0; _Tp = std::allocator<std::__detail::_Hash_node<std::pair<TIM_HandleTypeDef* const, std::function<void()> >, false> >]	16	static
/opt/st/stm32cubeide_1.12.1/plugins/com.st.stm32cube.ide.mcu.externaltools.gnu-tools-for-stm32.10.3-2021.10.linux64_1.0.200.202301161003/tools/arm-none-eabi/include/c++/10.3.1/ext/new_allocator.h:126:7:void __gnu_cxx::new_allocator<_Tp>::deallocate(_Tp*, __gnu_cxx::new_allocator<_Tp>::size_type) [with _Tp = std::__detail::_Hash_node<std::pair<TIM_HandleTypeDef* const, std::function<void()> >, false>]	24	static
/opt/st/stm32cubeide_1.12.1/plugins/com.st.stm32cube.ide.mcu.externaltools.gnu-tools-for-stm32.10.3-2021.10.linux64_1.0.200.202301161003/tools/arm-none-eabi/include/c++/10.3.1/bits/stl_pair.h:211:12:std::pair<TIM_HandleTypeDef* const, std::function<void()> >::~pair()	16	static
/opt/st/stm32cubeide_1.12.1/plugins/com.st.stm32cube.ide.mcu.externaltools.gnu-tools-for-stm32.10.3-2021.10.linux64_1.0.200.202301161003/tools/arm-none-eabi/include/c++/10.3.1/ext/new_allocator.h:160:2:void __gnu_cxx::new_allocator<_Tp>::destroy(_Up*) [with _Up = std::pair<TIM_HandleTypeDef* const, std::function<void()> >; _Tp = std::__detail::_Hash_node<std::pair<TIM_HandleTypeDef* const, std::function<void()> >, false>]	16	static
/opt/st/stm32cubeide_1.12.1/plugins/com.st.stm32cube.ide.mcu.externaltools.gnu-tools-for-stm32.10.3-2021.10.linux64_1.0.200.202301161003/tools/arm-none-eabi/include/c++/10.3.1/bits/ptr_traits.h:146:7:static _Tp* std::pointer_traits<_Tp*>::pointer_to(std::__make_not_void<_Tp>&) [with _Tp = std::__detail::_Hash_node<std::pair<TIM_HandleTypeDef* const, std::function<void()> >, false>]	16	static
/opt/st/stm32cubeide_1.12.1/plugins/com.st.stm32cube.ide.mcu.externaltools.gnu-tools-for-stm32.10.3-2021.10.linux64_1.0.200.202301161003/tools/arm-none-eabi/include/c++/10.3.1/bits/move.h:140:5:_Tp* std::addressof(_Tp&) [with _Tp = std::__detail::_Hash_node_base*]	16	static
/opt/st/stm32cubeide_1.12.1/plugins/com.st.stm32cube.ide.mcu.externaltools.gnu-tools-for-stm32.10.3-2021.10.linux64_1.0.200.202301161003/tools/arm-none-eabi/include/c++/10.3.1/ext/new_allocator.h:79:7:__gnu_cxx::new_allocator<_Tp>::new_allocator() [with _Tp = std::__detail::_Hash_node_base*]	16	static
/opt/st/stm32cubeide_1.12.1/plugins/com.st.stm32cube.ide.mcu.externaltools.gnu-tools-for-stm32.10.3-2021.10.linux64_1.0.200.202301161003/tools/arm-none-eabi/include/c++/10.3.1/ext/new_allocator.h:89:7:__gnu_cxx::new_allocator<_Tp>::~new_allocator() [with _Tp = std::__detail::_Hash_node_base*]	16	static
/opt/st/stm32cubeide_1.12.1/plugins/com.st.stm32cube.ide.mcu.externaltools.gnu-tools-for-stm32.10.3-2021.10.linux64_1.0.200.202301161003/tools/arm-none-eabi/include/c++/10.3.1/ext/new_allocator.h:126:7:void __gnu_cxx::new_allocator<_Tp>::deallocate(_Tp*, __gnu_cxx::new_allocator<_Tp>::size_type) [with _Tp = std::__detail::_Hash_node_base*]	24	static
/opt/st/stm32cubeide_1.12.1/plugins/com.st.stm32cube.ide.mcu.externaltools.gnu-tools-for-stm32.10.3-2021.10.linux64_1.0.200.202301161003/tools/arm-none-eabi/include/c++/10.3.1/bits/hashtable_policy.h:1119:18:const _Tp& std::__detail::_Hashtable_ebo_helper<_Nm, _Tp, true>::_M_cget() const [with int _Nm = 0; _Tp = std::equal_to<TIM_HandleTypeDef*>]	16	static
/opt/st/stm32cubeide_1.12.1/plugins/com.st.stm32cube.ide.mcu.externaltools.gnu-tools-for-stm32.10.3-2021.10.linux64_1.0.200.202301161003/tools/arm-none-eabi/include/c++/10.3.1/bits/hashtable_policy.h:1119:18:const _Tp& std::__detail::_Hashtable_ebo_helper<_Nm, _Tp, true>::_M_cget() const [with int _Nm = 0; _Tp = std::__detail::_Select1st]	16	static
/opt/st/stm32cubeide_1.12.1/plugins/com.st.stm32cube.ide.mcu.externaltools.gnu-tools-for-stm32.10.3-2021.10.linux64_1.0.200.202301161003/tools/arm-none-eabi/include/c++/10.3.1/bits/move.h:76:5:constexpr _Tp&& std::forward(typename std::remove_reference<_Tp>::type&) [with _Tp = std::pair<TIM_HandleTypeDef* const, std::function<void()> >&]	16	static
/opt/st/stm32cubeide_1.12.1/plugins/com.st.stm32cube.ide.mcu.externaltools.gnu-tools-for-stm32.10.3-2021.10.linux64_1.0.200.202301161003/tools/arm-none-eabi/include/c++/10.3.1/utility:223:5:constexpr typename std::tuple_element<_Int, std::pair<_Tp1, _Tp2> >::type& std::get(std::pair<_Tp1, _Tp2>&) [with unsigned int _Int = 0; _Tp1 = TIM_HandleTypeDef* const; _Tp2 = std::function<void()>]	16	static
/opt/st/stm32cubeide_1.12.1/plugins/com.st.stm32cube.ide.mcu.externaltools.gnu-tools-for-stm32.10.3-2021.10.linux64_1.0.200.202301161003/tools/arm-none-eabi/include/c++/10.3.1/bits/hashtable_policy.h:248:7:const _Value& std::__detail::_Hash_node_value_base<_Value>::_M_v() const [with _Value = std::pair<TIM_HandleTypeDef* const, std::function<void()> >]	16	static
/opt/st/stm32cubeide_1.12.1/plugins/com.st.stm32cube.ide.mcu.externaltools.gnu-tools-for-stm32.10.3-2021.10.linux64_1.0.200.202301161003/tools/arm-none-eabi/include/c++/10.3.1/bits/hashtable_policy.h:92:7:decltype (get<0>(forward<_Tp>(__x))) std::__detail::_Select1st::operator()(_Tp&&) const [with _Tp = const std::pair<TIM_HandleTypeDef* const, std::function<void()> >&]	16	static
/opt/st/stm32cubeide_1.12.1/plugins/com.st.stm32cube.ide.mcu.externaltools.gnu-tools-for-stm32.10.3-2021.10.linux64_1.0.200.202301161003/tools/arm-none-eabi/include/c++/10.3.1/bits/move.h:140:5:_Tp* std::addressof(_Tp&) [with _Tp = std::__detail::_Hash_node<std::pair<TIM_HandleTypeDef* const, std::function<void()> >, false>]	16	static
/opt/st/stm32cubeide_1.12.1/plugins/com.st.stm32cube.ide.mcu.externaltools.gnu-tools-for-stm32.10.3-2021.10.linux64_1.0.200.202301161003/tools/arm-none-eabi/include/c++/10.3.1/bits/move.h:49:5:constexpr _Tp* std::__addressof(_Tp&) [with _Tp = std::__detail::_Hash_node_base*]	16	static
/opt/st/stm32cubeide_1.12.1/plugins/com.st.stm32cube.ide.mcu.externaltools.gnu-tools-for-stm32.10.3-2021.10.linux64_1.0.200.202301161003/tools/arm-none-eabi/include/c++/10.3.1/utility:178:9:static constexpr _Tp1& std::__pair_get<0>::__get(std::pair<_T1, _T2>&) [with _Tp1 = TIM_HandleTypeDef* const; _Tp2 = std::function<void()>]	16	static
/opt/st/stm32cubeide_1.12.1/plugins/com.st.stm32cube.ide.mcu.externaltools.gnu-tools-for-stm32.10.3-2021.10.linux64_1.0.200.202301161003/tools/arm-none-eabi/include/c++/10.3.1/bits/hashtable_policy.h:240:7:const _Value* std::__detail::_Hash_node_value_base<_Value>::_M_valptr() const [with _Value = std::pair<TIM_HandleTypeDef* const, std::function<void()> >]	16	static
/opt/st/stm32cubeide_1.12.1/plugins/com.st.stm32cube.ide.mcu.externaltools.gnu-tools-for-stm32.10.3-2021.10.linux64_1.0.200.202301161003/tools/arm-none-eabi/include/c++/10.3.1/bits/move.h:76:5:constexpr _Tp&& std::forward(typename std::remove_reference<_Tp>::type&) [with _Tp = const std::pair<TIM_HandleTypeDef* const, std::function<void()> >&]	16	static
/opt/st/stm32cubeide_1.12.1/plugins/com.st.stm32cube.ide.mcu.externaltools.gnu-tools-for-stm32.10.3-2021.10.linux64_1.0.200.202301161003/tools/arm-none-eabi/include/c++/10.3.1/utility:233:5:constexpr const typename std::tuple_element<_Int, std::pair<_Tp1, _Tp2> >::type& std::get(const std::pair<_Tp1, _Tp2>&) [with unsigned int _Int = 0; _Tp1 = TIM_HandleTypeDef* const; _Tp2 = std::function<void()>]	16	static
/opt/st/stm32cubeide_1.12.1/plugins/com.st.stm32cube.ide.mcu.externaltools.gnu-tools-for-stm32.10.3-2021.10.linux64_1.0.200.202301161003/tools/arm-none-eabi/include/c++/10.3.1/bits/move.h:49:5:constexpr _Tp* std::__addressof(_Tp&) [with _Tp = std::__detail::_Hash_node<std::pair<TIM_HandleTypeDef* const, std::function<void()> >, false>]	16	static
/opt/st/stm32cubeide_1.12.1/plugins/com.st.stm32cube.ide.mcu.externaltools.gnu-tools-for-stm32.10.3-2021.10.linux64_1.0.200.202301161003/tools/arm-none-eabi/include/c++/10.3.1/ext/aligned_buffer.h:118:7:const _Tp* __gnu_cxx::__aligned_buffer<_Tp>::_M_ptr() const [with _Tp = std::pair<TIM_HandleTypeDef* const, std::function<void()> >]	16	static
/opt/st/stm32cubeide_1.12.1/plugins/com.st.stm32cube.ide.mcu.externaltools.gnu-tools-for-stm32.10.3-2021.10.linux64_1.0.200.202301161003/tools/arm-none-eabi/include/c++/10.3.1/utility:188:9:static constexpr const _Tp1& std::__pair_get<0>::__const_get(const std::pair<_T1, _T2>&) [with _Tp1 = TIM_HandleTypeDef* const; _Tp2 = std::function<void()>]	16	static
/opt/st/stm32cubeide_1.12.1/plugins/com.st.stm32cube.ide.mcu.externaltools.gnu-tools-for-stm32.10.3-2021.10.linux64_1.0.200.202301161003/tools/arm-none-eabi/include/c++/10.3.1/ext/aligned_buffer.h:108:7:const void* __gnu_cxx::__aligned_buffer<_Tp>::_M_addr() const [with _Tp = std::pair<TIM_HandleTypeDef* const, std::function<void()> >]	16	static
/opt/st/stm32cubeide_1.12.1/plugins/com.st.stm32cube.ide.mcu.externaltools.gnu-tools-for-stm32.10.3-2021.10.linux64_1.0.200.202301161003/tools/arm-none-eabi/include/c++/10.3.1/bits/unordered_map.h:102:11:std::unordered_map<TIM_HandleTypeDef*, std::function<void()> >::~unordered_map()	16	static
../Core/Src/tutrc_harurobo_lib/timer.cpp:13:1:void __static_initialization_and_destruction_0(int, int)	16	static
../Core/Src/tutrc_harurobo_lib/timer.cpp:13:1:cpp)	8	static
../Core/Src/tutrc_harurobo_lib/timer.cpp:13:1:cpp)	8	static
